<?xml version="1.0" encoding="utf-8"?><testsuites name="pytest tests"><testsuite name="pytest" errors="0" failures="0" skipped="1" tests="430" time="236.668" timestamp="2026-07-14T14:52:26.382818+08:00" hostname="85D83CFAC341E71"><testcase classname="tests.test_api" name="test_root" time="0.509" /><testcase classname="tests.test_api" name="test_health" time="0.219" /><testcase classname="tests.test_api" name="test_list_protocols" time="0.203" /><testcase classname="tests.test_api" name="test_list_templates" time="0.233" /><testcase classname="tests.test_api" name="test_create_and_get_device" time="0.255" /><testcase classname="tests.test_api" name="test_scenario_crud" time="0.252" /><testcase classname="tests.test_api" name="test_scenario_export" time="0.261" /><testcase classname="tests.test_api" name="test_logs_endpoint" time="0.231" /><testcase classname="tests.test_api" name="test_http_protocol_device" time="0.264" /><testcase classname="tests.test_behavior_models.TestBaseBehavior" name="test_cannot_instantiate_directly" time="0.003" /><testcase classname="tests.test_behavior_models.TestBaseBehavior" name="test_base_to_dict_returns_params" time="0.002" /><testcase classname="tests.test_behavior_models.TestBaseBehavior" name="test_base_from_dict_roundtrip" time="0.002" /><testcase classname="tests.test_behavior_models.TestBaseBehavior" name="test_reset_calls_init_state" time="0.002" /><testcase classname="tests.test_behavior_models.TestBaseBehavior" name="test_get_state_adds_type" time="0.002" /><testcase classname="tests.test_behavior_models.TestThermalBehavior" name="test_initial_temperature_defaults_to_ambient" time="0.002" /><testcase classname="tests.test_behavior_models.TestThermalBehavior" name="test_initial_temperature_custom" time="0.002" /><testcase classname="tests.test_behavior_models.TestThermalBehavior" name="test_temperature_rises_with_power" time="0.002" /><testcase classname="tests.test_behavior_models.TestThermalBehavior" name="test_temperature_cools_without_power" time="0.002" /><testcase classname="tests.test_behavior_models.TestThermalBehavior" name="test_overheat_protection" time="0.002" /><testcase classname="tests.test_behavior_models.TestThermalBehavior" name="test_overheat_hysteresis" time="0.003" /><testcase classname="tests.test_behavior_models.TestThermalBehavior" name="test_thermal_state_dict" time="0.002" /><testcase classname="tests.test_behavior_models.TestThermalBehavior" name="test_thermal_serialization_roundtrip" time="0.002" /><testcase classname="tests.test_behavior_models.TestThermalBehavior" name="test_thermal_reset" time="0.002" /><testcase classname="tests.test_behavior_models.TestMotorBehavior" name="test_motor_starts_from_zero" time="0.003" /><testcase classname="tests.test_behavior_models.TestMotorBehavior" name="test_motor_accelerates_with_torque" time="0.002" /><testcase classname="tests.test_behavior_models.TestMotorBehavior" name="test_motor_steady_state" time="0.005" /><testcase classname="tests.test_behavior_models.TestMotorBehavior" name="test_motor_torque_limit" time="0.003" /><testcase classname="tests.test_behavior_models.TestMotorBehavior" name="test_motor_stall_detection" time="0.003" /><testcase classname="tests.test_behavior_models.TestMotorBehavior" name="test_motor_state_dict" time="0.003" /><testcase classname="tests.test_behavior_models.TestMotorBehavior" name="test_motor_serialization_roundtrip" time="0.003" /><testcase classname="tests.test_behavior_models.TestMotorBehavior" name="test_motor_reset" time="0.002" /><testcase classname="tests.test_behavior_models.TestPressureBehavior" name="test_pressure_initial" time="0.003" /><testcase classname="tests.test_behavior_models.TestPressureBehavior" name="test_pressure_responds_to_target" time="0.003" /><testcase classname="tests.test_behavior_models.TestPressureBehavior" name="test_pressure_converges_to_target" time="0.007" /><testcase classname="tests.test_behavior_models.TestPressureBehavior" name="test_pressure_state_dict" time="0.003" /><testcase classname="tests.test_behavior_models.TestPressureBehavior" name="test_pressure_reset" time="0.003" /><testcase classname="tests.test_behavior_models.TestPressureBehavior" name="test_pressure_serialization_roundtrip" time="0.003" /><testcase classname="tests.test_behavior_models.TestFlowBehavior" name="test_flow_initial" time="0.002" /><testcase classname="tests.test_behavior_models.TestFlowBehavior" name="test_flow_responds_to_target" time="0.005" /><testcase classname="tests.test_behavior_models.TestFlowBehavior" name="test_flow_state_dict" time="0.002" /><testcase classname="tests.test_behavior_models.TestFlowBehavior" name="test_flow_reset" time="0.003" /><testcase classname="tests.test_behavior_models.TestFlowBehavior" name="test_flow_cumulative_increases" time="0.003" /><testcase classname="tests.test_behavior_models.TestLevelBehavior" name="test_level_initial" time="0.003" /><testcase classname="tests.test_behavior_models.TestLevelBehavior" name="test_level_rises_with_inflow" time="0.002" /><testcase classname="tests.test_behavior_models.TestLevelBehavior" name="test_level_falls_with_outflow" time="0.003" /><testcase classname="tests.test_behavior_models.TestLevelBehavior" name="test_level_overflow_protection" time="0.003" /><testcase classname="tests.test_behavior_models.TestLevelBehavior" name="test_level_low_alarm" time="0.003" /><testcase classname="tests.test_behavior_models.TestLevelBehavior" name="test_level_state_dict" time="0.003" /><testcase classname="tests.test_behavior_models.TestLevelBehavior" name="test_level_reset" time="0.004" /><testcase classname="tests.test_behavior_models.TestLevelBehavior" name="test_level_serialization_roundtrip" time="0.005" /><testcase classname="tests.test_behavior_models.TestValveBehavior" name="test_valve_initial" time="0.003" /><testcase classname="tests.test_behavior_models.TestValveBehavior" name="test_valve_opens" time="0.002" /><testcase classname="tests.test_behavior_models.TestValveBehavior" name="test_valve_closes" time="0.002" /><testcase classname="tests.test_behavior_models.TestValveBehavior" name="test_valve_position_clamped" time="0.002" /><testcase classname="tests.test_behavior_models.TestValveBehavior" name="test_valve_dead_zone" time="0.002" /><testcase classname="tests.test_behavior_models.TestValveBehavior" name="test_valve_state_dict" time="0.002" /><testcase classname="tests.test_behavior_models.TestValveBehavior" name="test_valve_reset" time="0.002" /><testcase classname="tests.test_behavior_models.TestValveBehavior" name="test_valve_serialization_roundtrip" time="0.002" /><testcase classname="tests.test_behavior_models.TestPIDController" name="test_pid_initial_output_zero" time="0.004" /><testcase classname="tests.test_behavior_models.TestPIDController" name="test_pid_proportional_response" time="0.005" /><testcase classname="tests.test_behavior_models.TestPIDController" name="test_pid_integral_accumulates" time="0.003" /><testcase classname="tests.test_behavior_models.TestPIDController" name="test_pid_derivative_response" time="0.004" /><testcase classname="tests.test_behavior_models.TestPIDController" name="test_pid_output_clamping" time="0.003" /><testcase classname="tests.test_behavior_models.TestPIDController" name="test_pid_reset" time="0.004" /><testcase classname="tests.test_behavior_models.TestPIDController" name="test_pid_state_dict" time="0.002" /><testcase classname="tests.test_behavior_models.TestPIDController" name="test_pid_serialization_roundtrip" time="0.003" /><testcase classname="tests.test_behavior_models.TestPIDController" name="test_pid_anti_windup" time="0.002" /><testcase classname="tests.test_collaboration" name="test_evaluate_condition_operators[90-&gt;-80-True]" time="0.004" /><testcase classname="tests.test_collaboration" name="test_evaluate_condition_operators[70-&gt;-80-False]" time="0.009" /><testcase classname="tests.test_collaboration" name="test_evaluate_condition_operators[80-&gt;=-80-True]" time="0.004" /><testcase classname="tests.test_collaboration" name="test_evaluate_condition_operators[79-&gt;=-80-False]" time="0.004" /><testcase classname="tests.test_collaboration" name="test_evaluate_condition_operators[80-==-80-True]" time="0.010" /><testcase classname="tests.test_collaboration" name="test_evaluate_condition_operators[81-==-80-False]" time="0.005" /><testcase classname="tests.test_collaboration" name="test_evaluate_condition_operators[81-!=-80-True]" time="0.005" /><testcase classname="tests.test_collaboration" name="test_evaluate_condition_operators[30-between-target7-True]" time="0.003" /><testcase classname="tests.test_collaboration" name="test_evaluate_condition_operators[60-between-target8-False]" time="0.003" /><testcase classname="tests.test_collaboration" name="test_evaluate_condition_operators[2-in-target9-True]" time="0.003" /><testcase classname="tests.test_collaboration" name="test_evaluate_condition_operators[5-in-target10-False]" time="0.004" /><testcase classname="tests.test_collaboration" name="test_evaluate_condition_operators[5-not_in-target11-True]" time="0.002" /><testcase classname="tests.test_collaboration" name="test_evaluate_condition_operators[None-&gt;-80-False]" time="0.005" /><testcase classname="tests.test_collaboration" name="test_evaluate_condition_empty_and_unknown" time="0.003" /><testcase classname="tests.test_collaboration" name="test_set_action_writes_value" time="0.007" /><testcase classname="tests.test_collaboration" name="test_toggle_action_flips_bool" time="0.014" /><testcase classname="tests.test_collaboration" name="test_increment_and_decrement_actions" time="0.009" /><testcase classname="tests.test_collaboration" name="test_increment_defaults_to_step_one" time="0.012" /><testcase classname="tests.test_collaboration" name="test_chain_with_delay_action" time="0.067" /><testcase classname="tests.test_collaboration" name="test_pure_delay_action_does_not_write" time="0.028" /><testcase classname="tests.test_collaboration" name="test_cooldown_suppresses_rapid_retrigger" time="1.078" /><testcase classname="tests.test_collaboration" name="test_disabled_rule_not_triggered" time="0.008" /><testcase classname="tests.test_collaboration" name="test_condition_not_met_does_not_trigger" time="0.010" /><testcase classname="tests.test_collaboration" name="test_read_none_does_not_trigger" time="0.015" /><testcase classname="tests.test_collaboration" name="test_remove_rule" time="0.006" /><testcase classname="tests.test_collaboration" name="test_multiple_rules_independent" time="0.012" /><testcase classname="tests.test_collaboration_scenario" name="test_collaboration_rule_triggers_set_action" time="0.036" /><testcase classname="tests.test_collaboration_scenario" name="test_collaboration_multi_action_chain" time="0.099" /><testcase classname="tests.test_collaboration_scenario" name="test_collaboration_toggle_action" time="0.030" /><testcase classname="tests.test_collaboration_scenario" name="test_collaboration_cooldown_suppresses_retrigger" time="1.086" /><testcase classname="tests.test_collaboration_scenario" name="test_collaboration_disabled_rule_not_triggered" time="0.033" /><testcase classname="tests.test_collaboration_scenario" name="test_collaboration_falls_back_to_memory_write" time="0.037" /><testcase classname="tests.test_collaboration_scenario" name="test_collaboration_synthesizes_action_from_target_fields" time="0.032" /><testcase classname="tests.test_collaboration_scenario" name="test_collaboration_condition_not_met_no_action" time="0.030" /><testcase classname="tests.test_core_coverage.TestRecorder" name="test_recorder_initialization" time="0.002" /><testcase classname="tests.test_core_coverage.TestRecorder" name="test_recorder_list_recordings" time="0.003" /><testcase classname="tests.test_core_coverage.TestRecorder" name="test_recorder_get_stats" time="0.002" /><testcase classname="tests.test_core_coverage.TestRecorder" name="test_recorder_start_stop" time="0.008" /><testcase classname="tests.test_core_coverage.TestRecorder" name="test_recorder_max_messages_config" time="0.002" /><testcase classname="tests.test_core_coverage.TestRecorder" name="test_recorder_max_message_size_config" time="0.004" /><testcase classname="tests.test_core_coverage.TestForwardEngine" name="test_forward_engine_initialization" time="0.002" /><testcase classname="tests.test_core_coverage.TestForwardEngine" name="test_forward_engine_add_remove_target" time="0.004" /><testcase classname="tests.test_core_coverage.TestForwardEngine" name="test_forward_engine_stats" time="0.002" /><testcase classname="tests.test_core_coverage.TestForwardEngine" name="test_forward_engine_start_stop" time="0.007" /><testcase classname="tests.test_core_coverage.TestForwardEngine" name="test_influxdb_target_creation" time="0.002" /><testcase classname="tests.test_core_coverage.TestForwardEngine" name="test_http_target_creation" time="0.002" /><testcase classname="tests.test_core_coverage.TestWebhookManager" name="test_webhook_manager_initialization" time="0.003" /><testcase classname="tests.test_core_coverage.TestWebhookManager" name="test_webhook_manager_add" time="0.006" /><testcase classname="tests.test_core_coverage.TestWebhookManager" name="test_webhook_manager_remove" time="0.010" /><testcase classname="tests.test_core_coverage.TestWebhookManager" name="test_webhook_manager_update" time="0.010" /><testcase classname="tests.test_core_coverage.TestWebhookManager" name="test_webhook_manager_stats" time="0.003" /><testcase classname="tests.test_core_coverage.TestWebhookManager" name="test_webhook_trigger" time="0.009" /><testcase classname="tests.test_core_coverage.TestDataGenerator" name="test_generator_initialization" time="0.002" /><testcase classname="tests.test_core_coverage.TestDataGenerator" name="test_generate_fixed" time="0.002" /><testcase classname="tests.test_core_coverage.TestDataGenerator" name="test_generate_random" time="0.002" /><testcase classname="tests.test_core_coverage.TestDataGenerator" name="test_generate_sine" time="0.002" /><testcase classname="tests.test_core_coverage.TestDataGenerator" name="test_generate_square" time="0.002" /><testcase classname="tests.test_core_coverage.TestDataGenerator" name="test_generate_triangle" time="0.002" /><testcase classname="tests.test_core_coverage.TestDataGenerator" name="test_generate_increment" time="0.002" /><testcase classname="tests.test_core_coverage.TestDataGenerator" name="test_generate_with_fault_injector" time="0.004" /><testcase classname="tests.test_core_coverage.TestAuth" name="test_hash_and_verify_password" time="1.041" /><testcase classname="tests.test_core_coverage.TestAuth" name="test_create_and_verify_token" time="0.004" /><testcase classname="tests.test_core_coverage.TestAuth" name="test_verify_invalid_token" time="0.003" /><testcase classname="tests.test_core_coverage.TestAuth" name="test_verify_expired_token" time="0.002" /><testcase classname="tests.test_core_coverage.TestAuth" name="test_create_and_verify_refresh_token" time="0.003" /><testcase classname="tests.test_core_coverage.TestAuth" name="test_user_manager_initialization" time="0.358" /><testcase classname="tests.test_core_coverage.TestAuth" name="test_user_manager_authenticate" time="1.034" /><testcase classname="tests.test_core_coverage.TestAuth" name="test_user_manager_create_user" time="1.033" /><testcase classname="tests.test_core_coverage.TestAuth" name="test_user_manager_wrong_password" time="1.054" /><testcase classname="tests.test_core_coverage.TestAuth" name="test_user_manager_change_password" time="2.051" /><testcase classname="tests.test_core_coverage.TestAuth" name="test_user_manager_delete_user" time="0.682" /><testcase classname="tests.test_core_coverage.TestAuth" name="test_user_manager_update_role" time="0.682" /><testcase classname="tests.test_core_coverage.TestAuth" name="test_user_manager_list_users" time="0.344" /><testcase classname="tests.test_core_coverage.TestFaultInjection" name="test_fault_type_values" time="0.002" /><testcase classname="tests.test_core_coverage.TestFaultInjection" name="test_trigger_mode_values" time="0.002" /><testcase classname="tests.test_core_coverage.TestFaultInjection" name="test_fault_config_creation" time="0.002" /><testcase classname="tests.test_core_coverage.TestFaultInjection" name="test_fault_injector_initialization" time="0.001" /><testcase classname="tests.test_core_coverage.TestFaultInjection" name="test_fault_injector_add_and_get" time="0.004" /><testcase classname="tests.test_core_coverage.TestFaultInjection" name="test_fault_injector_remove" time="0.005" /><testcase classname="tests.test_core_coverage.TestFaultInjection" name="test_fault_injector_clear_all" time="0.008" /><testcase classname="tests.test_core_coverage.TestFaultInjection" name="test_fault_injector_apply_stuck" time="0.003" /><testcase classname="tests.test_core_coverage.TestFaultInjection" name="test_fault_injector_apply_noise" time="0.003" /><testcase classname="tests.test_core_coverage.TestFaultInjection" name="test_fault_injector_apply_drift" time="0.005" /><testcase classname="tests.test_core_coverage.TestFaultInjection" name="test_fault_injector_no_fault" time="0.001" /><testcase classname="tests.test_core_coverage.TestFaultInjection" name="test_fault_injector_get_all_faults" time="0.005" /><testcase classname="tests.test_core_coverage.TestFaultInjection" name="test_fault_injector_activate_deactivate" time="0.005" /><testcase classname="tests.test_core_coverage.TestFaultInjection" name="test_fault_injector_to_dict" time="0.003" /><testcase classname="tests.test_core_coverage.TestDeviceStateMachine" name="test_state_machine_creation" time="0.002" /><testcase classname="tests.test_core_coverage.TestDeviceStateMachine" name="test_state_machine_initial_running" time="0.002" /><testcase classname="tests.test_core_coverage.TestDeviceStateMachine" name="test_state_machine_trigger_start" time="0.003" /><testcase classname="tests.test_core_coverage.TestDeviceStateMachine" name="test_state_machine_trigger_stop" time="0.002" /><testcase classname="tests.test_core_coverage.TestDeviceStateMachine" name="test_state_machine_trigger_error" time="0.002" /><testcase classname="tests.test_core_coverage.TestDeviceStateMachine" name="test_state_machine_history" time="0.002" /><testcase classname="tests.test_core_coverage.TestDeviceStateMachine" name="test_state_machine_state_duration" time="0.001" /><testcase classname="tests.test_core_coverage.TestDeviceStateMachine" name="test_state_machine_can_trigger" time="0.002" /><testcase classname="tests.test_core_coverage.TestDeviceStateMachine" name="test_device_state_enum" time="0.001" /><testcase classname="tests.test_core_coverage.TestDeviceStateMachine" name="test_state_transition_dataclass" time="0.001" /><testcase classname="tests.test_d1_scenario_enhancement" name="test_replay_drives_device_points" time="0.017" /><testcase classname="tests.test_d1_scenario_enhancement" name="test_replay_triggers_collaboration_rule" time="0.029" /><testcase classname="tests.test_d1_scenario_enhancement" name="test_replay_exhausted_scenario_continues" time="0.017" /><testcase classname="tests.test_d1_scenario_enhancement" name="test_replay_loop_continuously_feeds" time="0.016" /><testcase classname="tests.test_d1_scenario_enhancement" name="test_collaboration_inject_fault_action" time="0.020" /><testcase classname="tests.test_d1_scenario_enhancement" name="test_collaboration_inject_fault_without_target_point" time="0.021" /><testcase classname="tests.test_d1_scenario_enhancement" name="test_collaboration_inject_fault_chain_with_set" time="0.032" /><testcase classname="tests.test_e2e_edgelite_joint" name="test_convert_device_to_edgelite_produces_valid_payload" time="5.749" /><testcase classname="tests.test_e2e_edgelite_joint" name="test_push_device_to_mocked_edgelite_succeeds" time="5.705" /><testcase classname="tests.test_e2e_edgelite_joint" name="test_verify_pipeline_all_steps_pass" time="5.678" /><testcase classname="tests.test_e2e_edgelite_joint" name="test_verify_pipeline_auto_fixes_unregistered_device" time="6.060" /><testcase classname="tests.test_e2e_edgelite_joint" name="test_verify_pipeline_detects_offline_device" time="5.910" /><testcase classname="tests.test_e2e_modbus_real" name="test_real_modbus_bool_reads_from_coil" time="2.638" /><testcase classname="tests.test_e2e_modbus_real" name="test_real_modbus_float32_reads_from_holding" time="2.630" /><testcase classname="tests.test_e2e_modbus_real" name="test_real_modbus_coil_not_in_holding" time="2.627" /><testcase classname="tests.test_e2e_modbus_real" name="test_edgelite_config_has_correct_register_types" time="2.600" /><testcase classname="tests.test_e2e_modbus_real" name="test_edgelite_config_driver_connects_to_protoforge" time="2.635" /><testcase classname="tests.test_e2e_modbus_real" name="test_real_modbus_write_coil_reflects_in_protoforge" time="2.939" /><testcase classname="tests.test_e2e_modbus_real" name="test_real_modbus_write_holding_reflects_in_protoforge" time="2.985" /><testcase classname="tests.test_e2e_modbus_real" name="test_external_modbus_write_propagates_to_device_instance" time="3.115" /><testcase classname="tests.test_e2e_modbus_real" name="test_consecutive_modbus_writes_consistent" time="3.300" /><testcase classname="tests.test_e2e_multi_protocol_real" name="test_http_get_points_returns_values" time="3.978" /><testcase classname="tests.test_e2e_multi_protocol_real" name="test_http_post_writes_value" time="4.093" /><testcase classname="tests.test_e2e_multi_protocol_real" name="test_http_health_endpoint" time="3.930" /><testcase classname="tests.test_e2e_multi_protocol_real" name="test_mqtt_subscribe_receives_device_data" time="7.995" /><testcase classname="tests.test_e2e_multi_protocol_real" name="test_mqtt_broker_accepts_connection" time="14.249" /><testcase classname="tests.test_e2e_multi_protocol_real" name="test_opcua_client_reads_node_value" time="8.839" /><testcase classname="tests.test_e2e_multi_protocol_real" name="test_opcua_server_endpoint_accessible" time="8.501" /><testcase classname="tests.test_e2e_multi_protocol_real" name="test_s7_server_accepts_connection" time="2.604" /><testcase classname="tests.test_e2e_multi_protocol_real" name="test_s7_snap7_client_reads_db" time="2.656"><skipped type="pytest.skip" message="snap7 client read failed (S7 protocol handshake): S7 protocol error (class=0x81, code=0x85): Unknown protocol error: 0x8185">E:\硕腾网络\PyGBSentry\ProtoForge\tests\test_e2e_multi_protocol_real.py:527: snap7 client read failed (S7 protocol handshake): S7 protocol error (class=0x81, code=0x85): Unknown protocol error: 0x8185</skipped></testcase><testcase classname="tests.test_e2e_multi_protocol_real" name="test_edgelite_config_for_http" time="2.678" /><testcase classname="tests.test_e2e_multi_protocol_real" name="test_edgelite_config_for_mqtt" time="13.197" /><testcase classname="tests.test_edgelite_point_translation.TestModbusAddressTranslation" name="test_explicit_prefix_and_plc_notation[C100-bool-100-coil]" time="0.002" /><testcase classname="tests.test_edgelite_point_translation.TestModbusAddressTranslation" name="test_explicit_prefix_and_plc_notation[COIL5-bool-5-coil]" time="0.002" /><testcase classname="tests.test_edgelite_point_translation.TestModbusAddressTranslation" name="test_explicit_prefix_and_plc_notation[0X10-bool-10-coil]" time="0.002" /><testcase classname="tests.test_edgelite_point_translation.TestModbusAddressTranslation" name="test_explicit_prefix_and_plc_notation[HR100-float32-100-holding]" time="0.002" /><testcase classname="tests.test_edgelite_point_translation.TestModbusAddressTranslation" name="test_explicit_prefix_and_plc_notation[4X100-float32-100-holding]" time="0.002" /><testcase classname="tests.test_edgelite_point_translation.TestModbusAddressTranslation" name="test_explicit_prefix_and_plc_notation[IR8-float32-8-input]" time="0.004" /><testcase classname="tests.test_edgelite_point_translation.TestModbusAddressTranslation" name="test_explicit_prefix_and_plc_notation[3X8-float32-8-input]" time="0.002" /><testcase classname="tests.test_edgelite_point_translation.TestModbusAddressTranslation" name="test_explicit_prefix_and_plc_notation[DI3-bool-3-discrete]" time="0.002" /><testcase classname="tests.test_edgelite_point_translation.TestModbusAddressTranslation" name="test_explicit_prefix_and_plc_notation[DISCRETE_INPUT7-bool-7-discrete]" time="0.002" /><testcase classname="tests.test_edgelite_point_translation.TestModbusAddressTranslation" name="test_explicit_prefix_and_plc_notation[400100-float32-99-holding]" time="0.002" /><testcase classname="tests.test_edgelite_point_translation.TestModbusAddressTranslation" name="test_explicit_prefix_and_plc_notation[300100-float32-99-input]" time="0.003" /><testcase classname="tests.test_edgelite_point_translation.TestModbusAddressTranslation" name="test_explicit_prefix_and_plc_notation[000100-bool-99-coil]" time="0.002" /><testcase classname="tests.test_edgelite_point_translation.TestModbusAddressTranslation" name="test_explicit_prefix_and_plc_notation[100100-bool-99-discrete]" time="0.002" /><testcase classname="tests.test_edgelite_point_translation.TestModbusAddressTranslation" name="test_auto_bool_maps_to_coil" time="0.001" /><testcase classname="tests.test_edgelite_point_translation.TestModbusAddressTranslation" name="test_auto_numeric_maps_to_holding" time="0.002" /><testcase classname="tests.test_edgelite_point_translation.TestModbusAddressTranslation" name="test_holding_prefix_bool_stays_holding" time="0.001" /><testcase classname="tests.test_edgelite_point_translation.TestModbusAddressTranslation" name="test_empty_address_defaults_to_holding" time="0.001" /><testcase classname="tests.test_edgelite_point_translation.TestModbusAddressTranslation" name="test_none_address_defaults_to_holding" time="0.002" /><testcase classname="tests.test_edgelite_point_translation.TestModbusAddressTranslation" name="test_unparseable_address_falls_back" time="0.003" /><testcase classname="tests.test_edgelite_point_translation.TestModbusAddressTranslation" name="test_modbus_rtu_same_rules_as_tcp" time="0.002" /><testcase classname="tests.test_edgelite_point_translation.TestModbusAddressTranslation" name="test_plugin_name_normalized" time="0.002" /><testcase classname="tests.test_edgelite_point_translation.TestS7AddressTranslation" name="test_protoforge_to_edgelite[DB1.DBD2-DB1.D2]" time="0.002" /><testcase classname="tests.test_edgelite_point_translation.TestS7AddressTranslation" name="test_protoforge_to_edgelite[DB1.DBX0.0-DB1.X0.0]" time="0.002" /><testcase classname="tests.test_edgelite_point_translation.TestS7AddressTranslation" name="test_protoforge_to_edgelite[DB1.DBB5-DB1.B5]" time="0.002" /><testcase classname="tests.test_edgelite_point_translation.TestS7AddressTranslation" name="test_protoforge_to_edgelite[DB1.DBW10-DB1.W10]" time="0.002" /><testcase classname="tests.test_edgelite_point_translation.TestS7AddressTranslation" name="test_protoforge_to_edgelite[DB10.DBD100-DB10.D100]" time="0.002" /><testcase classname="tests.test_edgelite_point_translation.TestS7AddressTranslation" name="test_protoforge_to_edgelite[DB1.DBX7.3-DB1.X7.3]" time="0.002" /><testcase classname="tests.test_edgelite_point_translation.TestS7AddressTranslation" name="test_already_edgelite_format_passthrough" time="0.002" /><testcase classname="tests.test_edgelite_point_translation.TestS7AddressTranslation" name="test_non_db_address_passthrough" time="0.001" /><testcase classname="tests.test_edgelite_point_translation.TestS7AddressTranslation" name="test_plugin_name_siemens_s7_translates" time="0.001" /><testcase classname="tests.test_edgelite_point_translation.TestS7AddressTranslation" name="test_empty_s7_address" time="0.001" /><testcase classname="tests.test_edgelite_point_translation.TestOtherProtocolsPassthrough" name="test_opcua_node_id_passthrough" time="0.001" /><testcase classname="tests.test_edgelite_point_translation.TestOtherProtocolsPassthrough" name="test_mqtt_topic_passthrough" time="0.002" /><testcase classname="tests.test_edgelite_point_translation.TestOtherProtocolsPassthrough" name="test_http_path_passthrough" time="0.001" /><testcase classname="tests.test_edgelite_point_translation.TestOtherProtocolsPassthrough" name="test_unknown_protocol_passthrough" time="0.001" /><testcase classname="tests.test_edgelite_point_translation.TestBuildPointsIntegration" name="test_modbus_bool_point_gets_register_type" time="0.002" /><testcase classname="tests.test_edgelite_point_translation.TestBuildPointsIntegration" name="test_modbus_explicit_coil_prefix" time="0.002" /><testcase classname="tests.test_edgelite_point_translation.TestBuildPointsIntegration" name="test_s7_points_translated" time="0.002" /><testcase classname="tests.test_edgelite_point_translation.TestBuildPointsIntegration" name="test_opcua_points_passthrough" time="0.002" /><testcase classname="tests.test_edgelite_point_translation.TestBuildPointsIntegration" name="test_backward_compat_no_protocol" time="0.002" /><testcase classname="tests.test_edgelite_point_translation.TestBuildPointsIntegration" name="test_min_max_propagated" time="0.002" /><testcase classname="tests.test_gb28181" name="test_gb28181_device_register" time="0.002" /><testcase classname="tests.test_gb28181" name="test_gb28181_catalog_response" time="0.001" /><testcase classname="tests.test_gb28181" name="test_gb28181_heartbeat_response" time="0.002" /><testcase classname="tests.test_gb28181" name="test_gb28181_server_config_schema" time="0.002" /><testcase classname="tests.test_generator.TestSafeEval" name="test_simple_arithmetic" time="0.002" /><testcase classname="tests.test_generator.TestSafeEval" name="test_parenthesized_expression" time="0.002" /><testcase classname="tests.test_generator.TestSafeEval" name="test_variables" time="0.002" /><testcase classname="tests.test_generator.TestSafeEval" name="test_math_functions" time="0.002" /><testcase classname="tests.test_generator.TestSafeEval" name="test_math_constants" time="0.002" /><testcase classname="tests.test_generator.TestSafeEval" name="test_trig_functions" time="0.001" /><testcase classname="tests.test_generator.TestSafeEval" name="test_comparison" time="0.002" /><testcase classname="tests.test_generator.TestSafeEval" name="test_boolean_ops" time="0.001" /><testcase classname="tests.test_generator.TestSafeEval" name="test_ternary" time="0.002" /><testcase classname="tests.test_generator.TestSafeEval" name="test_dangerous_names_blocked" time="0.004" /><testcase classname="tests.test_generator.TestSafeEval" name="test_invalid_expression_returns_none" time="0.005" /><testcase classname="tests.test_generator.TestSafeEval" name="test_exec_stmts" time="0.002" /><testcase classname="tests.test_generator.TestSafeEval" name="test_exec_multiple_stmts" time="0.002" /><testcase classname="tests.test_generator.TestSafeEval" name="test_depth_limit" time="0.003" /><testcase classname="tests.test_generator.TestSafeEval" name="test_pow_exponent_limit" time="0.003" /><testcase classname="tests.test_generator.TestScriptEngine" name="test_execute_simple" time="0.002" /><testcase classname="tests.test_generator.TestScriptEngine" name="test_execute_with_context" time="0.001" /><testcase classname="tests.test_generator.TestScriptEngine" name="test_execute_no_result_returns_zero" time="0.001" /><testcase classname="tests.test_generator.TestScriptEngine" name="test_execute_cache_persistence" time="0.002" /><testcase classname="tests.test_generator.TestDataGenerator" name="test_fixed_generator" time="0.002" /><testcase classname="tests.test_generator.TestDataGenerator" name="test_random_generator" time="0.002" /><testcase classname="tests.test_generator.TestDataGenerator" name="test_sine_generator" time="0.001" /><testcase classname="tests.test_generator.TestDataGenerator" name="test_triangle_generator" time="0.001" /><testcase classname="tests.test_generator.TestDataGenerator" name="test_sawtooth_generator" time="0.002" /><testcase classname="tests.test_generator.TestDataGenerator" name="test_square_generator" time="0.001" /><testcase classname="tests.test_generator.TestDataGenerator" name="test_increment_generator" time="0.001" /><testcase classname="tests.test_generator.TestDataGenerator" name="test_random_walk_generator" time="0.001" /><testcase classname="tests.test_generator.TestDataGenerator" name="test_script_generator" time="0.002" /><testcase classname="tests.test_generator.TestDataGenerator" name="test_set_fault_injector" time="0.002" /><testcase classname="tests.test_generator.TestDataGenerator" name="test_default_fixed_value" time="0.002" /><testcase classname="tests.test_generator.TestDataGenerator" name="test_default_fixed_with_min_max" time="0.002" /><testcase classname="tests.test_generator.TestDataGenerator" name="test_bool_data_type" time="0.001" /><testcase classname="tests.test_integration" name="test_test_runner_create_case" time="0.003" /><testcase classname="tests.test_integration" name="test_test_runner_run" time="0.004" /><testcase classname="tests.test_integration" name="test_test_runner_suite" time="0.004" /><testcase classname="tests.test_integration" name="test_test_report_to_dict" time="0.002" /><testcase classname="tests.test_integration" name="test_edgelite_protocol_mapping" time="0.001" /><testcase classname="tests.test_integration" name="test_edgelite_push_fields" time="0.001" /><testcase classname="tests.test_integration" name="test_edgelite_global_config" time="0.001" /><testcase classname="tests.test_integration" name="test_edgelite_convert_device" time="0.003" /><testcase classname="tests.test_integration" name="test_edgelite_convert_gb28181_skipped" time="0.005" /><testcase classname="tests.test_log_bus" name="test_emit_and_get" time="0.002" /><testcase classname="tests.test_log_bus" name="test_filter_by_protocol" time="0.002" /><testcase classname="tests.test_log_bus" name="test_filter_by_device" time="0.002" /><testcase classname="tests.test_log_bus" name="test_max_entries" time="0.001" /><testcase classname="tests.test_log_bus" name="test_subscribe" time="0.004" /><testcase classname="tests.test_modbus_rtu" name="test_modbus_rtu_config_schema" time="0.002" /><testcase classname="tests.test_modbus_rtu" name="test_modbus_rtu_protocol_name" time="0.002" /><testcase classname="tests.test_modbus_rtu" name="test_modbus_rtu_initial_status" time="0.001" /><testcase classname="tests.test_performance.TestTTLCache" name="test_basic_get_set" time="0.004" /><testcase classname="tests.test_performance.TestTTLCache" name="test_ttl_expiry" time="0.170" /><testcase classname="tests.test_performance.TestTTLCache" name="test_maxsize_eviction" time="0.004" /><testcase classname="tests.test_performance.TestTTLCache" name="test_invalidate" time="0.003" /><testcase classname="tests.test_performance.TestTTLCache" name="test_sync_operations" time="0.004" /><testcase classname="tests.test_performance.TestTTLCache" name="test_stats" time="0.004" /><testcase classname="tests.test_performance.TestTTLCache" name="test_clear" time="0.003" /><testcase classname="tests.test_performance.TestTTLCacheDecorator" name="test_cache_decorator" time="0.004" /><testcase classname="tests.test_performance.TestPerformanceMonitor" name="test_timer" time="0.013" /><testcase classname="tests.test_performance.TestPerformanceMonitor" name="test_atimer" time="0.026" /><testcase classname="tests.test_performance.TestPerformanceMonitor" name="test_counter" time="0.002" /><testcase classname="tests.test_performance.TestPerformanceMonitor" name="test_gauge" time="0.001" /><testcase classname="tests.test_performance.TestPerformanceMonitor" name="test_multiple_timers_stats" time="0.065" /><testcase classname="tests.test_performance.TestPerformanceMonitor" name="test_reset" time="0.002" /><testcase classname="tests.test_performance.TestBatchProcessor" name="test_batch_flush_on_size" time="0.005" /><testcase classname="tests.test_performance.TestBatchProcessor" name="test_batch_flush_on_interval" time="0.161" /><testcase classname="tests.test_performance.TestBatchProcessor" name="test_manual_flush" time="0.005" /><testcase classname="tests.test_performance.TestCircuitBreaker" name="test_closed_state" time="0.005" /><testcase classname="tests.test_performance.TestCircuitBreaker" name="test_open_after_failures" time="0.006" /><testcase classname="tests.test_performance.TestCircuitBreaker" name="test_recovery" time="0.171" /><testcase classname="tests.test_performance.TestCircuitBreaker" name="test_reset" time="0.001" /><testcase classname="tests.test_performance.TestConnectionPoolManager" name="test_get_client" time="1.659" /><testcase classname="tests.test_performance.TestConnectionPoolManager" name="test_different_base_urls" time="2.777" /><testcase classname="tests.test_performance.TestConnectionPoolManager" name="test_close_all" time="1.298" /><testcase classname="tests.test_performance.TestConnectionPoolManager" name="test_stats" time="1.319" /><testcase classname="tests.test_performance.TestPerformanceBaseline" name="test_cache_throughput" time="0.061" /><testcase classname="tests.test_performance.TestPerformanceBaseline" name="test_monitor_overhead" time="0.007" /><testcase classname="tests.test_performance.TestPerformanceBaseline" name="test_global_monitor_exists" time="0.001" /><testcase classname="tests.test_phase3" name="test_batch_create_devices" time="0.199" /><testcase classname="tests.test_phase3" name="test_template_search" time="0.157" /><testcase classname="tests.test_phase3" name="test_template_tags" time="0.150" /><testcase classname="tests.test_phase3" name="test_scenario_snapshot" time="0.180" /><testcase classname="tests.test_phase4.TestAssertionEngine" name="test_equals_pass" time="0.002" /><testcase classname="tests.test_phase4.TestAssertionEngine" name="test_equals_fail" time="0.001" /><testcase classname="tests.test_phase4.TestAssertionEngine" name="test_contains" time="0.001" /><testcase classname="tests.test_phase4.TestAssertionEngine" name="test_not_contains" time="0.001" /><testcase classname="tests.test_phase4.TestAssertionEngine" name="test_greater_than" time="0.001" /><testcase classname="tests.test_phase4.TestAssertionEngine" name="test_less_than" time="0.001" /><testcase classname="tests.test_phase4.TestAssertionEngine" name="test_regex_match" time="0.002" /><testcase classname="tests.test_phase4.TestAssertionEngine" name="test_json_path" time="0.002" /><testcase classname="tests.test_phase4.TestAssertionEngine" name="test_not_null" time="0.003" /><testcase classname="tests.test_phase4.TestAssertionEngine" name="test_type_check" time="0.002" /><testcase classname="tests.test_phase4.TestAssertionEngine" name="test_status_code" time="0.002" /><testcase classname="tests.test_phase4.TestAssertionEngine" name="test_length_equals" time="0.002" /><testcase classname="tests.test_phase4.TestAssertionEngine" name="test_length_greater" time="0.001" /><testcase classname="tests.test_phase4.TestAssertionEngine" name="test_target_resolution" time="0.001" /><testcase classname="tests.test_phase4.TestAssertionEngine" name="test_custom_message" time="0.001" /><testcase classname="tests.test_phase4.TestVariableStore" name="test_set_and_get" time="0.002" /><testcase classname="tests.test_phase4.TestVariableStore" name="test_resolve_variable" time="0.001" /><testcase classname="tests.test_phase4.TestVariableStore" name="test_resolve_dict" time="0.001" /><testcase classname="tests.test_phase4.TestVariableStore" name="test_resolve_list" time="0.003" /><testcase classname="tests.test_phase4.TestVariableStore" name="test_clear" time="0.001" /><testcase classname="tests.test_phase4.TestTestCaseCRUD" name="test_save_and_get" time="0.005" /><testcase classname="tests.test_phase4.TestTestCaseCRUD" name="test_list_cases" time="0.005" /><testcase classname="tests.test_phase4.TestTestCaseCRUD" name="test_delete_case" time="0.005" /><testcase classname="tests.test_phase4.TestTestCaseCRUD" name="test_from_dict" time="0.002" /><testcase classname="tests.test_phase4.TestTestCaseCRUD" name="test_to_dict_roundtrip" time="0.002" /><testcase classname="tests.test_phase4.TestTestSuite" name="test_suite_crud" time="0.004" /><testcase classname="tests.test_phase4.TestTestReportHTML" name="test_report_html_generation" time="0.002" /><testcase classname="tests.test_phase4.TestTestReportHTML" name="test_report_trend" time="0.002" /><testcase classname="tests.test_phase4" name="test_test_case_api_crud" time="0.187" /><testcase classname="tests.test_phase4" name="test_run_test_with_assertions" time="0.211" /><testcase classname="tests.test_phase4" name="test_report_html_endpoint" time="0.162" /><testcase classname="tests.test_phase4" name="test_test_suite_api" time="0.165" /><testcase classname="tests.test_phase4" name="test_report_trend_endpoint" time="0.174" /><testcase classname="tests.test_phase4" name="test_run_case_by_id" time="0.173" /><testcase classname="tests.test_phase4" name="test_variable_extraction" time="0.240" /><testcase classname="tests.test_phase4" name="test_step_skip_and_delay" time="0.327" /><testcase classname="tests.test_production_hardening" name="test_shutdown_stops_services_in_order" time="0.014" /><testcase classname="tests.test_production_hardening" name="test_shutdown_timeout_protection" time="0.010" /><testcase classname="tests.test_production_hardening" name="test_auth_middleware_protected_route_returns_401_without_token" time="0.007" /><testcase classname="tests.test_production_hardening" name="test_auth_middleware_public_path_passes_through" time="0.012" /><testcase classname="tests.test_production_hardening" name="test_auth_middleware_options_request_passes_through" time="0.006" /><testcase classname="tests.test_production_hardening" name="test_auth_middleware_no_auth_mode_injects_admin" time="0.007" /><testcase classname="tests.test_production_hardening" name="test_auth_middleware_invalid_token_returns_401" time="0.004" /><testcase classname="tests.test_production_hardening" name="test_is_public_path_whitelist" time="0.001" /><testcase classname="tests.test_production_hardening" name="test_cors_config_empty_defaults_to_localhost" time="0.027" /><testcase classname="tests.test_production_hardening" name="test_cors_config_wildcard_detected" time="0.001" /><testcase classname="tests.test_production_hardening" name="test_cors_config_multiple_domains_parsed" time="0.001" /><testcase classname="tests.test_production_hardening" name="test_cors_config_wildcard_with_domains_collapses_to_wildcard" time="0.001" /><testcase classname="tests.test_production_hardening" name="test_check_startup_security_warns_on_weak_password" time="0.017" /><testcase classname="tests.test_production_hardening" name="test_check_startup_security_warns_on_no_auth" time="0.006" /><testcase classname="tests.test_production_hardening" name="test_check_startup_security_warns_on_wildcard_cors" time="0.009" /><testcase classname="tests.test_real_machine_joint" name="test_1_edgelite_real_collects_protoforge_data" time="66.789" /><testcase classname="tests.test_real_machine_joint" name="test_2_replay_flows_to_real_modbus_client" time="3.388" /><testcase classname="tests.test_real_machine_joint" name="test_3_collaboration_flows_to_real_modbus_client" time="3.208" /><testcase classname="tests.test_smoke" name="test_smoke_health_endpoint" time="0.175" /><testcase classname="tests.test_smoke" name="test_smoke_api_v1_health" time="0.173" /><testcase classname="tests.test_smoke" name="test_smoke_root_page" time="0.182" /><testcase classname="tests.test_smoke" name="test_smoke_list_protocols" time="0.182" /><testcase classname="tests.test_smoke" name="test_smoke_list_templates" time="0.199" /><testcase classname="tests.test_smoke" name="test_smoke_create_and_delete_device" time="0.283" /><testcase classname="tests.test_smoke" name="test_smoke_list_devices" time="0.181" /><testcase classname="tests.test_smoke" name="test_smoke_logs_endpoint" time="0.170" /><testcase classname="tests.test_smoke" name="test_smoke_scenario_crud" time="0.199" /><testcase classname="tests.test_smoke" name="test_smoke_protocol_info" time="0.184" /><testcase classname="tests.test_smoke" name="test_smoke_metrics_endpoint" time="0.172" /><testcase classname="tests.test_state_machine.TestDeviceState" name="test_state_values" time="0.002" /><testcase classname="tests.test_state_machine.TestDeviceState" name="test_state_is_string" time="0.001" /><testcase classname="tests.test_state_machine.TestStateTransition" name="test_matches_specific_from_state" time="0.001" /><testcase classname="tests.test_state_machine.TestStateTransition" name="test_matches_any_from_state" time="0.001" /><testcase classname="tests.test_state_machine.TestStateTransition" name="test_does_not_match_wrong_trigger" time="0.002" /><testcase classname="tests.test_state_machine.TestDeviceStateMachine" name="test_initial_state_is_stop" time="0.002" /><testcase classname="tests.test_state_machine.TestDeviceStateMachine" name="test_custom_initial_state" time="0.002" /><testcase classname="tests.test_state_machine.TestDeviceStateMachine" name="test_start_transition" time="0.003" /><testcase classname="tests.test_state_machine.TestDeviceStateMachine" name="test_startup_complete_transition" time="0.003" /><testcase classname="tests.test_state_machine.TestDeviceStateMachine" name="test_stop_from_run" time="0.002" /><testcase classname="tests.test_state_machine.TestDeviceStateMachine" name="test_stop_complete_transition" time="0.002" /><testcase classname="tests.test_state_machine.TestDeviceStateMachine" name="test_fault_from_run" time="0.002" /><testcase classname="tests.test_state_machine.TestDeviceStateMachine" name="test_reset_from_error" time="0.003" /><testcase classname="tests.test_state_machine.TestDeviceStateMachine" name="test_maintenance_mode" time="0.002" /><testcase classname="tests.test_state_machine.TestDeviceStateMachine" name="test_maintenance_complete" time="0.002" /><testcase classname="tests.test_state_machine.TestDeviceStateMachine" name="test_program_mode" time="0.003" /><testcase classname="tests.test_state_machine.TestDeviceStateMachine" name="test_invalid_transition_returns_false" time="0.002" /><testcase classname="tests.test_state_machine.TestDeviceStateMachine" name="test_history_recorded" time="0.003" /><testcase classname="tests.test_state_machine.TestDeviceStateMachine" name="test_callback_on_transition" time="0.003" /><testcase classname="tests.test_state_machine.TestDeviceStateMachine" name="test_full_lifecycle" time="0.005" /><testcase classname="tests.test_state_machine.TestDeviceStateMachine" name="test_fault_and_reset_lifecycle" time="0.004" /><testcase classname="tests.test_state_machine.TestDeviceStateMachine" name="test_get_state_duration" time="0.001" /><testcase classname="tests.test_state_machine.TestDeviceStateMachine" name="test_get_quality" time="0.002" /><testcase classname="tests.test_state_machine.TestDeviceStateMachine" name="test_should_generate_data" time="0.001" /><testcase classname="tests.test_state_machine.TestDeviceStateToStatus" name="test_stop_to_status" time="0.001" /><testcase classname="tests.test_state_machine.TestDeviceStateToStatus" name="test_run_to_status" time="0.001" /><testcase classname="tests.test_state_machine.TestDeviceStateToStatus" name="test_error_to_status" time="0.001" /><testcase classname="tests.test_state_machine.TestDeviceStateToStatus" name="test_all_states_have_status" time="0.001" /><testcase classname="tests.test_timeseries_replay" name="test_long_format_single_point_per_frame" time="0.003" /><testcase classname="tests.test_timeseries_replay" name="test_long_format_multiple_points_same_ts_grouped" time="0.003" /><testcase classname="tests.test_timeseries_replay" name="test_wide_format_multiple_points_per_record" time="0.004" /><testcase classname="tests.test_timeseries_replay" name="test_wide_format_ignores_time_field_as_point" time="0.003" /><testcase classname="tests.test_timeseries_replay" name="test_speed_gt_1_skips_frames" time="0.003" /><testcase classname="tests.test_timeseries_replay" name="test_speed_lt_1_takes_multiple_ticks_to_advance" time="0.003" /><testcase classname="tests.test_timeseries_replay" name="test_loop_wraps_around" time="0.003" /><testcase classname="tests.test_timeseries_replay" name="test_no_loop_exhausts" time="0.003" /><testcase classname="tests.test_timeseries_replay" name="test_load_json_file" time="0.033" /><testcase classname="tests.test_timeseries_replay" name="test_load_csv_file" time="0.015" /><testcase classname="tests.test_timeseries_replay" name="test_csv_type_coercion" time="0.017" /><testcase classname="tests.test_timeseries_replay" name="test_unsupported_file_extension_raises" time="0.014" /><testcase classname="tests.test_timeseries_replay" name="test_missing_file_raises" time="0.002" /><testcase classname="tests.test_timeseries_replay" name="test_empty_source_returns_none" time="0.002" /><testcase classname="tests.test_timeseries_replay" name="test_records_sorted_by_timestamp" time="0.005" /></testsuite></testsuites>